9:16:41 PM: Netlify Build                                                 
9:16:41 PM: ────────────────────────────────────────────────────────────────
9:16:41 PM: ​
9:16:41 PM: ❯ Version
9:16:41 PM:   @netlify/build 35.15.0
9:16:41 PM: ​
9:16:41 PM: ❯ Flags
9:16:41 PM:   accountId: 641ff4bf7164c071e2f56666
9:16:41 PM:   baseRelDir: true
9:16:41 PM:   buildId: 6a3184e8cbee3a00084359d1
9:16:41 PM:   deployId: 6a3184e8cbee3a00084359d3
9:16:41 PM: ​
9:16:41 PM: ❯ Current directory
9:16:41 PM:   /opt/build/repo
9:16:41 PM: ​
9:16:41 PM: ❯ Config file
9:16:41 PM:   No config file was defined: using default values.
9:16:41 PM: ​
9:16:41 PM: ❯ Context
9:16:41 PM:   production
9:16:41 PM: ​
9:16:41 PM: Build command from Netlify app                                
9:16:41 PM: ────────────────────────────────────────────────────────────────
9:16:41 PM: ​
9:16:41 PM: $ npm run build
9:16:42 PM: > init-template@0.0.1 build
9:16:42 PM: > astro check && astro build
9:16:43 PM: 17:16:43 [types] Generated 51ms
9:16:43 PM: 17:16:43 [check] Getting diagnostics for Astro files in /opt/build/repo...
9:16:46 PM: src/components/sections/CasesResume.astro:72:1 - warning ts(6133): 'larrow' is declared but its value is never read.
9:16:46 PM: 72 import larrow from "../../assets/icon3.svg";
9:16:46 PM:    ~~~~~~~~~~~~~~~~~~~~~~~~~~~~~~~~~~~~~~~~~~~~
9:16:46 PM: src/components/sections/CasesResume.astro:3:1 - warning ts(6133): 'Card' is declared but its value is never read.
9:16:46 PM: 3 import Card from "../ui/Card.astro";
9:16:46 PM:   ~~~~~~~~~~~~~~~~~~~~~~~~~~~~~~~~~~~~
9:16:46 PM: src/components/sections/CasesResume.astro:170:37 - error ts(2345): Argument of type 'EventTarget | null' is not assignable to parameter of type 'Node | null'.
9:16:46 PM:   Type 'EventTarget' is missing the following properties from type 'Node': baseURI, childNodes, firstChild, isConnected, and 43 more.
9:16:46 PM: 170     if (content && content.contains(e.target)) {
9:16:46 PM:                                         ~~~~~~~~
9:16:46 PM: src/components/sections/Modal.astro:6:1 - warning ts(6133): 'CUBlog' is declared but its value is never read.
9:16:46 PM: 6 import CUBlog from '../../assets/cublog.jpg'
9:16:46 PM:   ~~~~~~~~~~~~~~~~~~~~~~~~~~~~~~~~~~~~~~~~~~~~
9:16:46 PM: src/components/sections/Modal.astro:5:1 - warning ts(6133): 'uslugialpinista' is declared but its value is never read.
9:16:46 PM: 5 import uslugialpinista from '../../assets/uslugialpinista.jpg'
9:16:46 PM:   ~~~~~~~~~~~~~~~~~~~~~~~~~~~~~~~~~~~~~~~~~~~~~~~~~~~~~~~~~~~~~~
9:16:46 PM: src/components/sections/Modal.astro:4:1 - warning ts(6133): 'sesmsk' is declared but its value is never read.
9:16:46 PM: 4 import sesmsk from '../../assets/sesmsk.jpg'
9:16:46 PM:   ~~~~~~~~~~~~~~~~~~~~~~~~~~~~~~~~~~~~~~~~~~~~
9:16:46 PM: src/components/ui/Accordion.astro:86:9 - error ts(2322): Type '{ index: number; title: string; description: string; }' is not assignable to type 'IntrinsicAttributes & Props'.
9:16:46 PM:   Property 'description' does not exist on type 'IntrinsicAttributes & Props'.
9:16:46 PM: 86         description={item.description}
9:16:46 PM:            ~~~~~~~~~~~
9:16:47 PM: Failed during stage 'building site': Build script returned non-zero exit code: 2 (https://ntl.fyi/exit-code-2)
9:16:47 PM: src/components/ui/Сommunication.astro:2:1 - warning ts(6133): 'FingerDesignator' is declared but its value is never read.
9:16:47 PM: 2 import FingerDesignator from './FingerDesignator.astro'
9:16:47 PM:   ~~~~~~~~~~~~~~~~~~~~~~~~~~~~~~~~~~~~~~~~~~~~~~~~~~~~~~~
9:16:47 PM: Result (50 files): 
9:16:47 PM: - 2 errors
9:16:47 PM: - 0 warnings
9:16:47 PM: - 6 hints
9:16:47 PM: 
9:16:47 PM: ​
9:16:47 PM: "build.command" failed                                        
9:16:47 PM: ────────────────────────────────────────────────────────────────
9:16:47 PM: ​
9:16:47 PM:   Error message
9:16:47 PM:   Command failed with exit code 1: npm run build (https://ntl.fyi/exit-code-1)
9:16:47 PM: ​
9:16:47 PM:   Error location
9:16:47 PM:   In Build command from Netlify app:
9:16:47 PM:   npm run build
9:16:47 PM: ​
9:16:47 PM:   Resolved config
9:16:47 PM:   build:
9:16:47 PM:     command: npm run build
9:16:47 PM:     commandOrigin: ui
9:16:47 PM:     publish: /opt/build/repo/dist
9:16:47 PM:     publishOrigin: ui
9:16:47 PM: Build failed due to a user error: Build script returned non-zero exit code: 2
9:16:47 PM: Failing build: Failed to build site
9:16:48 PM: Finished processing build request in 22.284s